=== MiniScope: tests/t1_tokens.ms ===
Line   2: Next token is: KW_PROGRAM   Next lexeme is: program
Line   2: Next token is: IDENT        Next lexeme is: Tokens
Line   2: Next token is: LEFT_BRACE   Next lexeme is: {
Line   5: Next token is: KW_VAR       Next lexeme is: var
Line   5: Next token is: IDENT        Next lexeme is: count
Line   5: Next token is: COLON        Next lexeme is: :
Line   5: Next token is: KW_INT       Next lexeme is: int
Line   5: Next token is: ASSIGN_OP    Next lexeme is: =
Line   5: Next token is: INT_LIT      Next lexeme is: 42
Line   5: Next token is: SEMICOLON    Next lexeme is: ;
Line   6: Next token is: KW_VAR       Next lexeme is: var
Line   6: Next token is: IDENT        Next lexeme is: rate
Line   6: Next token is: COLON        Next lexeme is: :
Line   6: Next token is: KW_FLOAT     Next lexeme is: float
Line   6: Next token is: ASSIGN_OP    Next lexeme is: =
Line   6: Next token is: FLOAT_LIT    Next lexeme is: 3.75
Line   6: Next token is: SEMICOLON    Next lexeme is: ;
Line   7: Next token is: KW_VAR       Next lexeme is: var
Line   7: Next token is: IDENT        Next lexeme is: name
Line   7: Next token is: COLON        Next lexeme is: :
Line   7: Next token is: KW_STRING    Next lexeme is: string
Line   7: Next token is: ASSIGN_OP    Next lexeme is: =
Line   7: Next token is: STRING_LIT   Next lexeme is: "Ada Lovelace"
Line   7: Next token is: SEMICOLON    Next lexeme is: ;
Line   8: Next token is: KW_VAR       Next lexeme is: var
Line   8: Next token is: IDENT        Next lexeme is: done
Line   8: Next token is: COLON        Next lexeme is: :
Line   8: Next token is: KW_BOOL      Next lexeme is: bool
Line   8: Next token is: ASSIGN_OP    Next lexeme is: =
Line   8: Next token is: KW_FALSE     Next lexeme is: false
Line   8: Next token is: SEMICOLON    Next lexeme is: ;
Line   9: Next token is: KW_CONST     Next lexeme is: const
Line   9: Next token is: IDENT        Next lexeme is: MAX
Line   9: Next token is: COLON        Next lexeme is: :
Line   9: Next token is: KW_INT       Next lexeme is: int
Line   9: Next token is: ASSIGN_OP    Next lexeme is: =
Line   9: Next token is: INT_LIT      Next lexeme is: 100
Line   9: Next token is: SEMICOLON    Next lexeme is: ;
Line  11: Next token is: IDENT        Next lexeme is: count
Line  11: Next token is: ASSIGN_OP    Next lexeme is: =
Line  11: Next token is: IDENT        Next lexeme is: count
Line  11: Next token is: ADD_OP       Next lexeme is: +
Line  11: Next token is: INT_LIT      Next lexeme is: 1
Line  11: Next token is: SUB_OP       Next lexeme is: -
Line  11: Next token is: INT_LIT      Next lexeme is: 2
Line  11: Next token is: MULT_OP      Next lexeme is: *
Line  11: Next token is: INT_LIT      Next lexeme is: 3
Line  11: Next token is: DIV_OP       Next lexeme is: /
Line  11: Next token is: INT_LIT      Next lexeme is: 4
Line  11: Next token is: MOD_OP       Next lexeme is: %
Line  11: Next token is: INT_LIT      Next lexeme is: 5
Line  11: Next token is: SEMICOLON    Next lexeme is: ;
Line  12: Next token is: IDENT        Next lexeme is: done
Line  12: Next token is: ASSIGN_OP    Next lexeme is: =
Line  12: Next token is: LEFT_PAREN   Next lexeme is: (
Line  12: Next token is: IDENT        Next lexeme is: count
Line  12: Next token is: LE_OP        Next lexeme is: <=
Line  12: Next token is: IDENT        Next lexeme is: MAX
Line  12: Next token is: RIGHT_PAREN  Next lexeme is: )
Line  12: Next token is: AND_OP       Next lexeme is: &&
Line  12: Next token is: NOT_OP       Next lexeme is: !
Line  12: Next token is: LEFT_PAREN   Next lexeme is: (
Line  12: Next token is: IDENT        Next lexeme is: rate
Line  12: Next token is: GE_OP        Next lexeme is: >=
Line  12: Next token is: FLOAT_LIT    Next lexeme is: 1.0
Line  12: Next token is: RIGHT_PAREN  Next lexeme is: )
Line  12: Next token is: OR_OP        Next lexeme is: ||
Line  12: Next token is: IDENT        Next lexeme is: count
Line  12: Next token is: NEQ_OP       Next lexeme is: !=
Line  12: Next token is: INT_LIT      Next lexeme is: 7
Line  12: Next token is: SEMICOLON    Next lexeme is: ;
Line  13: Next token is: KW_IF        Next lexeme is: if
Line  13: Next token is: LEFT_PAREN   Next lexeme is: (
Line  13: Next token is: IDENT        Next lexeme is: count
Line  13: Next token is: EQ_OP        Next lexeme is: ==
Line  13: Next token is: INT_LIT      Next lexeme is: 0
Line  13: Next token is: RIGHT_PAREN  Next lexeme is: )
Line  13: Next token is: LEFT_BRACE   Next lexeme is: {
Line  13: Next token is: KW_PRINT     Next lexeme is: print
Line  13: Next token is: LEFT_PAREN   Next lexeme is: (
Line  13: Next token is: IDENT        Next lexeme is: name
Line  13: Next token is: RIGHT_PAREN  Next lexeme is: )
Line  13: Next token is: SEMICOLON    Next lexeme is: ;
Line  13: Next token is: RIGHT_BRACE  Next lexeme is: }
Line  13: Next token is: KW_ELSE      Next lexeme is: else
Line  13: Next token is: LEFT_BRACE   Next lexeme is: {
Line  13: Next token is: KW_PRINT     Next lexeme is: print
Line  13: Next token is: LEFT_PAREN   Next lexeme is: (
Line  13: Next token is: STRING_LIT   Next lexeme is: "non-zero"
Line  13: Next token is: RIGHT_PAREN  Next lexeme is: )
Line  13: Next token is: SEMICOLON    Next lexeme is: ;
Line  13: Next token is: RIGHT_BRACE  Next lexeme is: }
Line  14: Next token is: KW_WHILE     Next lexeme is: while
Line  14: Next token is: LEFT_PAREN   Next lexeme is: (
Line  14: Next token is: IDENT        Next lexeme is: count
Line  14: Next token is: GT_OP        Next lexeme is: >
Line  14: Next token is: INT_LIT      Next lexeme is: 0
Line  14: Next token is: AND_OP       Next lexeme is: &&
Line  14: Next token is: IDENT        Next lexeme is: count
Line  14: Next token is: LT_OP        Next lexeme is: <
Line  14: Next token is: IDENT        Next lexeme is: MAX
Line  14: Next token is: RIGHT_PAREN  Next lexeme is: )
Line  14: Next token is: LEFT_BRACE   Next lexeme is: {
Line  14: Next token is: IDENT        Next lexeme is: count
Line  14: Next token is: ASSIGN_OP    Next lexeme is: =
Line  14: Next token is: IDENT        Next lexeme is: count
Line  14: Next token is: SUB_OP       Next lexeme is: -
Line  14: Next token is: INT_LIT      Next lexeme is: 1
Line  14: Next token is: SEMICOLON    Next lexeme is: ;
Line  14: Next token is: RIGHT_BRACE  Next lexeme is: }
Line  15: Next token is: KW_SHOW_ENV  Next lexeme is: show_env
Line  15: Next token is: SEMICOLON    Next lexeme is: ;
Line  16: Next token is: RIGHT_BRACE  Next lexeme is: }
Line  17: Next token is: EOF          Next lexeme is: EOF
--- 114 token(s), 0 lexical error(s) ---
